<html>
<body>
<pre>
<h1>µVision Build Log</h1>
<h2>Tool Versions:</h2>
IDE-Version: ¦ÌVision V5.26.2.0
Copyright (C) 2018 ARM Ltd and ARM Germany GmbH. All rights reserved.
License Information: Ziang 1940918445@qq.com, WHU, LIC=EXJT4-FR8DN-EVM1R-KY4ZX-UFX8Y-EQIVY
 
Tool Versions:
Toolchain:       MDK-ARM Plus  Version: 5.26.2.0
Toolchain Path:  D:\Environment\keil\ARM\ARMCC\Bin
C Compiler:      Armcc.exe V5.06 update 6 (build 750)
Assembler:       Armasm.exe V5.06 update 6 (build 750)
Linker/Locator:  ArmLink.exe V5.06 update 6 (build 750)
Library Manager: ArmAr.exe V5.06 update 6 (build 750)
Hex Converter:   FromElf.exe V5.06 update 6 (build 750)
CPU DLL:         SARMCM3.DLL V5.26.2.0
Dialog DLL:      DCM.DLL V1.17.2.0
Target DLL:      CMSIS_AGDI.dll V1.30.6.0
Dialog DLL:      TCM.DLL V1.36.1.0
 
<h2>Project:</h2>
D:\code\stm32\msp\template-rtthread\Keil\template.uvprojx
Project File Date:  06/20/2023

<h2>Output:</h2>
*** Using Compiler 'V5.06 update 6 (build 750)', folder: 'D:\Environment\keil\ARM\ARMCC\Bin'
Build target 'template'
compiling Interrupt.c...
..\User\Driver\Encoder.h(14): warning:  #1295-D: Deprecated declaration init_encoder_left - give arg types
  void init_encoder_left();
..\User\Driver\Encoder.h(15): warning:  #1295-D: Deprecated declaration init_encoder_right - give arg types
  void init_encoder_right();
..\User\Driver\Encoder.h(17): warning:  #1-D: last line of file ends without a newline
  int read_encoder(uint8_t side);
..\User\Driver\TCRT5000.h(18): warning:  #1295-D: Deprecated declaration init_TCRT - give arg types
  void init_TCRT();
..\User\Driver\TCRT5000.h(19): warning:  #1295-D: Deprecated declaration read_TCRT - give arg types
  void read_TCRT();
..\User\Driver\TCRT5000.h(21): warning:  #1-D: last line of file ends without a newline
  #endif // !__TCRT5000.h
..\User\Driver\Interrupt.c(227): warning:  #1-D: last line of file ends without a newline
  }
..\User\Driver\Interrupt.c: 7 warnings, 0 errors
compiling main.c...
..\User\Driver\HC-05.h(13): warning:  #1295-D: Deprecated declaration connectDevice - give arg types
  bool connectDevice();
..\User\Driver\HC-05.h(15): warning:  #1-D: last line of file ends without a newline
  #endif
..\User\Driver\Encoder.h(14): warning:  #1295-D: Deprecated declaration init_encoder_left - give arg types
  void init_encoder_left();
..\User\Driver\Encoder.h(15): warning:  #1295-D: Deprecated declaration init_encoder_right - give arg types
  void init_encoder_right();
..\User\Driver\Encoder.h(17): warning:  #1-D: last line of file ends without a newline
  int read_encoder(uint8_t side);
..\User\Driver\Motor.h(12): warning:  #1295-D: Deprecated declaration init_motor - give arg types
  void init_motor();
..\User\Driver\Motor.h(13): warning:  #1295-D: Deprecated declaration set_pwm_trail - give arg types
  void set_pwm_trail();
..\User\Driver\TCRT5000.h(18): warning:  #1295-D: Deprecated declaration init_TCRT - give arg types
  void init_TCRT();
..\User\Driver\TCRT5000.h(19): warning:  #1295-D: Deprecated declaration read_TCRT - give arg types
  void read_TCRT();
..\User\Driver\TCRT5000.h(21): warning:  #1-D: last line of file ends without a newline
  #endif // !__TCRT5000.h
..\User\Driver\Semaphore.h(8): warning:  #1-D: last line of file ends without a newline
  #endif
..\User\main.c(114): warning:  #550-D: variable "connected"  was set but never used
  	bool connected=false;
..\User\main.c(155): warning:  #167-D: argument of type "void (*)()" is incompatible with parameter of type "void (*)(void *)"
  	rt_timer_t EncoderTimer=rt_timer_create("EncoderTimer",sendEncoderBack,RT_NULL,100,RT_TIMER_FLAG_PERIODIC);
..\User\main.c(208): warning:  #167-D: argument of type "void (*)()" is incompatible with parameter of type "void (*)(void *)"
  	rt_timer_t ADCSampleTimer=rt_timer_create("ADCSampleTimer",sampleVoltage,RT_NULL,100,RT_TIMER_FLAG_PERIODIC);
..\User\main.c(217): warning:  #1035-D: single-precision operand implicitly converted to double-precision
  			Voltage=Voltage/BITS*3.3;
..\User\main.c(313): warning:  #167-D: argument of type "void (*)()" is incompatible with parameter of type "void (*)(void *)"
  	rt_timer_t control_timer=rt_timer_create("Control",control,RT_NULL,100,RT_TIMER_FLAG_PERIODIC);
..\User\main.c(417): warning:  #1-D: last line of file ends without a newline
  }
..\User\main.c(79): warning:  #177-D: function "blink_entry"  was declared but never referenced
  static void blink_entry()
..\User\main.c(90): warning:  #177-D: function "hcsr_entry"  was declared but never referenced
  static void hcsr_entry()
..\User\main.c(110): warning:  #177-D: function "hc05_entry"  was declared but never referenced
  static void hc05_entry()
..\User\main.c(151): warning:  #177-D: function "encoder_entry"  was declared but never referenced
  static void encoder_entry()
..\User\main.c(164): warning:  #177-D: function "motor_entry"  was declared but never referenced
  static void motor_entry()
..\User\main.c(174): warning:  #177-D: function "oled_entry"  was declared but never referenced
  static void oled_entry()
..\User\main.c(200): warning:  #177-D: function "tcrt_entry"  was declared but never referenced
  static void tcrt_entry()
..\User\main.c(246): warning:  #177-D: function "control_trail_entry"  was declared but never referenced
  static void control_trail_entry()
..\User\main.c(259): warning:  #177-D: function "display_entry"  was declared but never referenced
  static void display_entry()
..\User\main.c(309): warning:  #177-D: function "control_entry"  was declared but never referenced
  static void control_entry()
..\User\main.c: 27 warnings, 0 errors
linking...
Program Size: Code=16976 RO-data=4764 RW-data=184 ZI-data=6224  
".\Objects\template.axf" - 0 Error(s), 34 Warning(s).

<h2>Software Packages used:</h2>

Package Vendor: TexasInstruments
                http://software-dl.ti.com/msp430/msp430_public_sw/mcu/msp430/msp432cmsis/latest/exports/TexasInstruments.MSP432P4xx_DFP.3.2.6.pack
                TexasInstruments.MSP432P4xx_DFP.3.2.6
                Device Family Pack for Texas Instruments SimpleLink(TM) MSP432 Series

<h2>Collection of Component include folders:</h2>
  .\RTE\_template
  D:\Environment\keil\ARM\PACK\TexasInstruments\MSP432P4xx_DFP\3.2.6\Device\Include

<h2>Collection of Component Files used:</h2>
Build Time Elapsed:  00:00:01
</pre>
</body>
</html>
